###############################################################################
#
# IAR ELF Linker V8.20.1.14183/W32 for ARM                21/Aug/2021  14:40:21
# Copyright 2007-2017 IAR Systems AB.
#
#    Output file  =  
#        D:\GitHub_FreeRtos_Stm32\FreeRTOS-Stm32-Demo\FreeRtos_stm32_demo\Project\OS2\Exe\OS2.out
#    Map file     =  
#        D:\GitHub_FreeRtos_Stm32\FreeRTOS-Stm32-Demo\FreeRtos_stm32_demo\Project\OS2\List\OS2.map
#    Command line =  
#        -f C:\Users\MY-PC\AppData\Local\Temp\EW456D.tmp
#        (D:\GitHub_FreeRtos_Stm32\FreeRTOS-Stm32-Demo\FreeRtos_stm32_demo\Project\OS2\Obj\app.o
#        D:\GitHub_FreeRtos_Stm32\FreeRTOS-Stm32-Demo\FreeRtos_stm32_demo\Project\OS2\Obj\at24c02.o
#        D:\GitHub_FreeRtos_Stm32\FreeRTOS-Stm32-Demo\FreeRtos_stm32_demo\Project\OS2\Obj\croutine.o
#        D:\GitHub_FreeRtos_Stm32\FreeRTOS-Stm32-Demo\FreeRtos_stm32_demo\Project\OS2\Obj\debug.o
#        D:\GitHub_FreeRtos_Stm32\FreeRTOS-Stm32-Demo\FreeRtos_stm32_demo\Project\OS2\Obj\device_term.o
#        D:\GitHub_FreeRtos_Stm32\FreeRTOS-Stm32-Demo\FreeRtos_stm32_demo\Project\OS2\Obj\event_groups.o
#        D:\GitHub_FreeRtos_Stm32\FreeRTOS-Stm32-Demo\FreeRtos_stm32_demo\Project\OS2\Obj\gpio.o
#        D:\GitHub_FreeRtos_Stm32\FreeRTOS-Stm32-Demo\FreeRtos_stm32_demo\Project\OS2\Obj\heap_4.o
#        D:\GitHub_FreeRtos_Stm32\FreeRTOS-Stm32-Demo\FreeRtos_stm32_demo\Project\OS2\Obj\key_test.o
#        D:\GitHub_FreeRtos_Stm32\FreeRTOS-Stm32-Demo\FreeRtos_stm32_demo\Project\OS2\Obj\led_test.o
#        D:\GitHub_FreeRtos_Stm32\FreeRTOS-Stm32-Demo\FreeRtos_stm32_demo\Project\OS2\Obj\list.o
#        D:\GitHub_FreeRtos_Stm32\FreeRTOS-Stm32-Demo\FreeRtos_stm32_demo\Project\OS2\Obj\port.o
#        D:\GitHub_FreeRtos_Stm32\FreeRTOS-Stm32-Demo\FreeRtos_stm32_demo\Project\OS2\Obj\portasm.o
#        D:\GitHub_FreeRtos_Stm32\FreeRTOS-Stm32-Demo\FreeRtos_stm32_demo\Project\OS2\Obj\queue.o
#        D:\GitHub_FreeRtos_Stm32\FreeRTOS-Stm32-Demo\FreeRtos_stm32_demo\Project\OS2\Obj\ring_queue.o
#        D:\GitHub_FreeRtos_Stm32\FreeRTOS-Stm32-Demo\FreeRtos_stm32_demo\Project\OS2\Obj\startup_stm32f407xx.o
#        D:\GitHub_FreeRtos_Stm32\FreeRTOS-Stm32-Demo\FreeRtos_stm32_demo\Project\OS2\Obj\stm32f4xx_hal.o
#        D:\GitHub_FreeRtos_Stm32\FreeRTOS-Stm32-Demo\FreeRtos_stm32_demo\Project\OS2\Obj\stm32f4xx_hal_cortex.o
#        D:\GitHub_FreeRtos_Stm32\FreeRTOS-Stm32-Demo\FreeRtos_stm32_demo\Project\OS2\Obj\stm32f4xx_hal_dma.o
#        D:\GitHub_FreeRtos_Stm32\FreeRTOS-Stm32-Demo\FreeRtos_stm32_demo\Project\OS2\Obj\stm32f4xx_hal_dma_ex.o
#        D:\GitHub_FreeRtos_Stm32\FreeRTOS-Stm32-Demo\FreeRtos_stm32_demo\Project\OS2\Obj\stm32f4xx_hal_exti.o
#        D:\GitHub_FreeRtos_Stm32\FreeRTOS-Stm32-Demo\FreeRtos_stm32_demo\Project\OS2\Obj\stm32f4xx_hal_flash.o
#        D:\GitHub_FreeRtos_Stm32\FreeRTOS-Stm32-Demo\FreeRtos_stm32_demo\Project\OS2\Obj\stm32f4xx_hal_flash_ex.o
#        D:\GitHub_FreeRtos_Stm32\FreeRTOS-Stm32-Demo\FreeRtos_stm32_demo\Project\OS2\Obj\stm32f4xx_hal_flash_ramfunc.o
#        D:\GitHub_FreeRtos_Stm32\FreeRTOS-Stm32-Demo\FreeRtos_stm32_demo\Project\OS2\Obj\stm32f4xx_hal_gpio.o
#        D:\GitHub_FreeRtos_Stm32\FreeRTOS-Stm32-Demo\FreeRtos_stm32_demo\Project\OS2\Obj\stm32f4xx_hal_msp.o
#        D:\GitHub_FreeRtos_Stm32\FreeRTOS-Stm32-Demo\FreeRtos_stm32_demo\Project\OS2\Obj\stm32f4xx_hal_pwr.o
#        D:\GitHub_FreeRtos_Stm32\FreeRTOS-Stm32-Demo\FreeRtos_stm32_demo\Project\OS2\Obj\stm32f4xx_hal_pwr_ex.o
#        D:\GitHub_FreeRtos_Stm32\FreeRTOS-Stm32-Demo\FreeRtos_stm32_demo\Project\OS2\Obj\stm32f4xx_hal_rcc.o
#        D:\GitHub_FreeRtos_Stm32\FreeRTOS-Stm32-Demo\FreeRtos_stm32_demo\Project\OS2\Obj\stm32f4xx_hal_rcc_ex.o
#        D:\GitHub_FreeRtos_Stm32\FreeRTOS-Stm32-Demo\FreeRtos_stm32_demo\Project\OS2\Obj\stm32f4xx_hal_tim.o
#        D:\GitHub_FreeRtos_Stm32\FreeRTOS-Stm32-Demo\FreeRtos_stm32_demo\Project\OS2\Obj\stm32f4xx_hal_tim_ex.o
#        D:\GitHub_FreeRtos_Stm32\FreeRTOS-Stm32-Demo\FreeRtos_stm32_demo\Project\OS2\Obj\stm32f4xx_hal_uart.o
#        D:\GitHub_FreeRtos_Stm32\FreeRTOS-Stm32-Demo\FreeRtos_stm32_demo\Project\OS2\Obj\stm32f4xx_it.o
#        D:\GitHub_FreeRtos_Stm32\FreeRTOS-Stm32-Demo\FreeRtos_stm32_demo\Project\OS2\Obj\sysclk.o
#        D:\GitHub_FreeRtos_Stm32\FreeRTOS-Stm32-Demo\FreeRtos_stm32_demo\Project\OS2\Obj\system_stm32f4xx.o
#        D:\GitHub_FreeRtos_Stm32\FreeRTOS-Stm32-Demo\FreeRtos_stm32_demo\Project\OS2\Obj\tasks.o
#        D:\GitHub_FreeRtos_Stm32\FreeRTOS-Stm32-Demo\FreeRtos_stm32_demo\Project\OS2\Obj\timers.o
#        D:\GitHub_FreeRtos_Stm32\FreeRTOS-Stm32-Demo\FreeRtos_stm32_demo\Project\OS2\Obj\usart.o
#        D:\GitHub_FreeRtos_Stm32\FreeRTOS-Stm32-Demo\FreeRtos_stm32_demo\Project\OS2\Obj\w25q128.o
#        -o
#        D:\GitHub_FreeRtos_Stm32\FreeRTOS-Stm32-Demo\FreeRtos_stm32_demo\Project\OS2\Exe\OS2.out
#        --map
#        D:\GitHub_FreeRtos_Stm32\FreeRTOS-Stm32-Demo\FreeRtos_stm32_demo\Project\OS2\List\OS2.map
#        --config
#        D:\GitHub_FreeRtos_Stm32\FreeRTOS-Stm32-Demo\FreeRtos_stm32_demo\Drivers\IAR\stm32f407xx_flash.icf
#        --semihosting --entry __iar_program_start --vfe --text_out locale)
#
###############################################################################

*******************************************************************************
*** RUNTIME MODEL ATTRIBUTES
***

CppFlavor       = *
__SystemLibrary = DLib
__dlib_version  = 6


*******************************************************************************
*** HEAP SELECTION
***

The basic heap was selected because no calls to memory allocation
functions were found in the application outside of system library
functions, and there are calls to deallocation functions in the
application.


*******************************************************************************
*** PLACEMENT SUMMARY
***

"A0":  place at 0x08000000 { ro section .intvec };
"P1":  place in [from 0x08000000 to 0x080fffff] { ro };
define block CSTACK with size = 1K, alignment = 8 { };
define block HEAP with size = 512, alignment = 8 { };
"P2":  place in [from 0x20000000 to 0x2001ffff] {
          rw, block CSTACK, block HEAP };
initialize by copy { rw };

  Section            Kind        Address     Size  Object
  -------            ----        -------     ----  ------
"A0":                                       0x188
  .intvec            ro code  0x08000000    0x188  startup_stm32f407xx.o [1]
                            - 0x08000188    0x188

"P1":                                      0x5b4c
  .text              ro code  0x08000188    0xe0c  tasks.o [1]
  .text              ro code  0x08000f94    0x25c  heap_4.o [1]
  .text              ro code  0x080011f0     0x66  ABImemset.o [5]
  .text              ro code  0x08001256     0x98  list.o [1]
  .text              ro code  0x080012ee      0xa  xsprout.o [3]
  .text              ro code  0x080012f8    0x364  port.o [1]
  .text              ro code  0x0800165c    0x42c  timers.o [1]
  .text              ro code  0x08001a88     0x68  port.o [1]
  CODE               ro code  0x08001af0     0xa8  portasm.o [1]
  .text              ro code  0x08001b98    0x7cc  queue.o [1]
  .text              ro code  0x08002364     0xa6  ABImemcpy.o [5]
  .text              ro code  0x0800240c    0xdda  xprintffull_nomb.o [3]
  .text              ro code  0x080031e8     0x16  strchr.o [5]
  .text              ro code  0x08003200     0x44  xfail_s.o [3]
  .text              ro code  0x08003244     0x36  strlen.o [5]
  .text              ro code  0x0800327c     0x58  memchr.o [5]
  .text              ro code  0x080032d4    0x22e  I64DivMod.o [5]
  .text              ro code  0x08003504    0x1a2  DblMul.o [4]
  .text              ro code  0x080036a8     0x70  frexp.o [4]
  .text              ro code  0x08003718     0x2e  DblCmpLe.o [4]
  .text              ro code  0x08003748     0x2e  DblCmpGe.o [4]
  .text              ro code  0x08003778    0x13a  ldexp.o [4]
  .text              ro code  0x080038b4     0x3a  DblToS32.o [4]
  .text              ro code  0x080038f0     0x22  S32ToDbl.o [4]
  .text              ro code  0x08003914     0xe2  DblSub.o [4]
  .text              ro code  0x080039f8    0x246  DblDiv.o [4]
  .text              ro code  0x08003c40     0x28  DblToU32.o [4]
  .text              ro code  0x08003c68     0x1a  U32ToDbl.o [4]
  .text              ro code  0x08003c82      0x6  abort.o [3]
  .text              ro code  0x08003c88      0x2  I64DivZer.o [5]
  .text              ro code  0x08003c8c    0x168  DblAdd.o [4]
  .text              ro code  0x08003df4     0x14  exit.o [6]
  .text              ro code  0x08003e08    0x5e0  stm32f4xx_hal_uart.o [1]
  .text              ro code  0x080043e8    0x1c4  usart.o [1]
  .text              ro code  0x080045ac     0xc2  stm32f4xx_hal_dma.o [1]
  .text              ro code  0x0800466e      0x2  stm32f4xx_hal_uart.o [1]
  .text              ro code  0x08004670      0x2  stm32f4xx_hal_uart.o [1]
  .text              ro code  0x08004672      0x2  stm32f4xx_hal_uart.o [1]
  .text              ro code  0x08004674      0x2  stm32f4xx_hal_uart.o [1]
  .text              ro code  0x08004678    0x224  stm32f4xx_hal_rcc.o [1]
  .text              ro code  0x0800489c      0x6  ABImemclr4.o [5]
  .text              ro code  0x080048a4    0x26c  stm32f4xx_hal_gpio.o [1]
  .text              ro code  0x08004b10    0x12c  stm32f4xx_hal_cortex.o [1]
  .text              ro code  0x08004c3c      0xc  stm32f4xx_hal.o [1]
  .text              ro code  0x08004c48     0x4c  stm32f4xx_hal.o [1]
  .text              ro code  0x08004c94     0x32  ABImemset48.o [5]
  .text              ro code  0x08004cc8    0x188  key_test.o [1]
  .text              ro code  0x08004e50     0x58  debug.o [1]
  .text              ro code  0x08004ea8    0x1fe  gpio.o [1]
  .text              ro code  0x080050a8     0x38  vsprintf.o [3]
  .text              ro code  0x080050e0    0x414  stm32f4xx_hal_rcc.o [1]
  .text              ro code  0x080054f4    0x104  led_test.o [1]
  .text              ro code  0x080055f8     0xc4  sysclk.o [1]
  .text              ro code  0x080056bc     0x4c  stm32f4xx_hal.o [1]
  .text              ro code  0x08005708     0x48  stm32f4xx_hal_msp.o [1]
  .text              ro code  0x08005750     0x78  app.o [1]
  .text              ro code  0x080057c8     0x74  device_term.o [1]
  .text              ro code  0x0800583c     0x40  zero_init3.o [5]
  .rodata            const    0x0800587c     0x38  app.o [1]
  .rodata            const    0x080058b4     0x34  app.o [1]
  .text              ro code  0x080058e8     0x2c  copy_init3.o [5]
  .text              ro code  0x08005914     0x28  stm32f4xx_it.o [1]
  .text              ro code  0x0800593c     0x28  data_init.o [5]
  .text              ro code  0x08005964     0x22  fpinit_M.o [4]
  .iar.init_table    const    0x08005988     0x24  - Linker created -
  .rodata            const    0x080059ac     0x20  key_test.o [1]
  .rodata            const    0x080059cc     0x20  led_test.o [1]
  .rodata            const    0x080059ec     0x20  led_test.o [1]
  .text              ro code  0x08005a0c     0x1e  cmain.o [5]
  .text              ro code  0x08005a2a      0x4  low_level_init.o [3]
  .text              ro code  0x08005a2e      0x4  exit.o [3]
  .text              ro code  0x08005a34      0xa  cexit.o [5]
  .rodata            const    0x08005a40     0x1c  key_test.o [1]
  .rodata            const    0x08005a5c     0x1c  led_test.o [1]
  .rodata            const    0x08005a78     0x1c  led_test.o [1]
  .rodata            const    0x08005a94     0x18  device_term.o [1]
  .rodata            const    0x08005aac     0x18  device_term.o [1]
  .text              ro code  0x08005ac4     0x14  system_stm32f4xx.o [1]
  .rodata            const    0x08005ad8     0x10  app.o [1]
  .rodata            const    0x08005ae8     0x10  key_test.o [1]
  .rodata            const    0x08005af8     0x10  key_test.o [1]
  .rodata            const    0x08005b08     0x10  system_stm32f4xx.o [1]
  .text              ro code  0x08005b18     0x10  startup_stm32f407xx.o [1]
  Initializer bytes  const    0x08005b28     0x10  <for P2-1>
  .rodata            const    0x08005b38      0xc  device_term.o [1]
  .rodata            const    0x08005b44      0xc  key_test.o [1]
  .rodata            const    0x08005b50      0xc  led_test.o [1]
  .rodata            const    0x08005b5c      0xc  led_test.o [1]
  .text              ro code  0x08005b68      0xc  cstartup_M.o [5]
  .rodata            const    0x08005b74      0x8  system_stm32f4xx.o [1]
  .rodata            const    0x08005b7c      0x8  tasks.o [1]
  .rodata            const    0x08005b84      0x8  timers.o [1]
  .rodata            const    0x08005b8c      0x8  timers.o [1]
  .rodata            const    0x08005b94      0x4  heap_4.o [1]
  .rodata            const    0x08005b98      0x4  port.o [1]
  .text              ro code  0x08005b9c      0x4  startup_stm32f407xx.o [1]
  .text              ro code  0x08005ba0      0x4  startup_stm32f407xx.o [1]
  .text              ro code  0x08005ba4      0x4  startup_stm32f407xx.o [1]
  .text              ro code  0x08005ba8      0x4  startup_stm32f407xx.o [1]
  .text              ro code  0x08005bac      0x4  startup_stm32f407xx.o [1]
  .text              ro code  0x08005bb0      0x4  startup_stm32f407xx.o [1]
  .text              ro code  0x08005bb4      0x4  startup_stm32f407xx.o [1]
  .text              ro code  0x08005bb8      0x4  startup_stm32f407xx.o [1]
  .text              ro code  0x08005bbc      0x4  startup_stm32f407xx.o [1]
  .text              ro code  0x08005bc0      0x4  startup_stm32f407xx.o [1]
  .text              ro code  0x08005bc4      0x4  startup_stm32f407xx.o [1]
  .text              ro code  0x08005bc8      0x4  startup_stm32f407xx.o [1]
  .text              ro code  0x08005bcc      0x4  startup_stm32f407xx.o [1]
  .text              ro code  0x08005bd0      0x4  startup_stm32f407xx.o [1]
  .text              ro code  0x08005bd4      0x4  startup_stm32f407xx.o [1]
  .text              ro code  0x08005bd8      0x4  startup_stm32f407xx.o [1]
  .text              ro code  0x08005bdc      0x4  startup_stm32f407xx.o [1]
  .text              ro code  0x08005be0      0x4  startup_stm32f407xx.o [1]
  .text              ro code  0x08005be4      0x4  startup_stm32f407xx.o [1]
  .text              ro code  0x08005be8      0x4  startup_stm32f407xx.o [1]
  .text              ro code  0x08005bec      0x4  startup_stm32f407xx.o [1]
  .text              ro code  0x08005bf0      0x4  startup_stm32f407xx.o [1]
  .text              ro code  0x08005bf4      0x4  startup_stm32f407xx.o [1]
  .text              ro code  0x08005bf8      0x4  startup_stm32f407xx.o [1]
  .text              ro code  0x08005bfc      0x4  startup_stm32f407xx.o [1]
  .text              ro code  0x08005c00      0x4  startup_stm32f407xx.o [1]
  .text              ro code  0x08005c04      0x4  startup_stm32f407xx.o [1]
  .text              ro code  0x08005c08      0x4  startup_stm32f407xx.o [1]
  .text              ro code  0x08005c0c      0x4  startup_stm32f407xx.o [1]
  .text              ro code  0x08005c10      0x4  startup_stm32f407xx.o [1]
  .text              ro code  0x08005c14      0x4  startup_stm32f407xx.o [1]
  .text              ro code  0x08005c18      0x4  startup_stm32f407xx.o [1]
  .text              ro code  0x08005c1c      0x4  startup_stm32f407xx.o [1]
  .text              ro code  0x08005c20      0x4  startup_stm32f407xx.o [1]
  .text              ro code  0x08005c24      0x4  startup_stm32f407xx.o [1]
  .text              ro code  0x08005c28      0x4  startup_stm32f407xx.o [1]
  .text              ro code  0x08005c2c      0x4  startup_stm32f407xx.o [1]
  .text              ro code  0x08005c30      0x4  startup_stm32f407xx.o [1]
  .text              ro code  0x08005c34      0x4  startup_stm32f407xx.o [1]
  .text              ro code  0x08005c38      0x4  startup_stm32f407xx.o [1]
  .text              ro code  0x08005c3c      0x4  startup_stm32f407xx.o [1]
  .text              ro code  0x08005c40      0x4  startup_stm32f407xx.o [1]
  .text              ro code  0x08005c44      0x4  startup_stm32f407xx.o [1]
  .text              ro code  0x08005c48      0x4  startup_stm32f407xx.o [1]
  .text              ro code  0x08005c4c      0x4  startup_stm32f407xx.o [1]
  .text              ro code  0x08005c50      0x4  startup_stm32f407xx.o [1]
  .text              ro code  0x08005c54      0x4  startup_stm32f407xx.o [1]
  .text              ro code  0x08005c58      0x4  startup_stm32f407xx.o [1]
  .text              ro code  0x08005c5c      0x4  startup_stm32f407xx.o [1]
  .text              ro code  0x08005c60      0x4  startup_stm32f407xx.o [1]
  .text              ro code  0x08005c64      0x4  startup_stm32f407xx.o [1]
  .text              ro code  0x08005c68      0x4  startup_stm32f407xx.o [1]
  .text              ro code  0x08005c6c      0x4  startup_stm32f407xx.o [1]
  .text              ro code  0x08005c70      0x4  startup_stm32f407xx.o [1]
  .text              ro code  0x08005c74      0x4  startup_stm32f407xx.o [1]
  .text              ro code  0x08005c78      0x4  startup_stm32f407xx.o [1]
  .text              ro code  0x08005c7c      0x4  startup_stm32f407xx.o [1]
  .text              ro code  0x08005c80      0x4  startup_stm32f407xx.o [1]
  .text              ro code  0x08005c84      0x4  startup_stm32f407xx.o [1]
  .text              ro code  0x08005c88      0x4  startup_stm32f407xx.o [1]
  .text              ro code  0x08005c8c      0x4  startup_stm32f407xx.o [1]
  .text              ro code  0x08005c90      0x4  startup_stm32f407xx.o [1]
  .text              ro code  0x08005c94      0x4  startup_stm32f407xx.o [1]
  .text              ro code  0x08005c98      0x4  startup_stm32f407xx.o [1]
  .text              ro code  0x08005c9c      0x4  startup_stm32f407xx.o [1]
  .text              ro code  0x08005ca0      0x4  startup_stm32f407xx.o [1]
  .text              ro code  0x08005ca4      0x4  startup_stm32f407xx.o [1]
  .text              ro code  0x08005ca8      0x4  startup_stm32f407xx.o [1]
  .text              ro code  0x08005cac      0x4  startup_stm32f407xx.o [1]
  .text              ro code  0x08005cb0      0x4  startup_stm32f407xx.o [1]
  .text              ro code  0x08005cb4      0x4  startup_stm32f407xx.o [1]
  .text              ro code  0x08005cb8      0x4  startup_stm32f407xx.o [1]
  .text              ro code  0x08005cbc      0x4  startup_stm32f407xx.o [1]
  .text              ro code  0x08005cc0      0x4  startup_stm32f407xx.o [1]
  .text              ro code  0x08005cc4      0x4  startup_stm32f407xx.o [1]
  .text              ro code  0x08005cc8      0x4  startup_stm32f407xx.o [1]
  .text              ro code  0x08005ccc      0x4  startup_stm32f407xx.o [1]
  .text              ro code  0x08005cd0      0x4  startup_stm32f407xx.o [1]
  .rodata            const    0x08005cd4      0x0  zero_init3.o [5]
  .rodata            const    0x08005cd4      0x0  copy_init3.o [5]
                            - 0x08005cd4   0x5b4c

"P2", part 1 of 3:                           0x10
  P2-1                        0x20000000      0xd  <Init block>
    .data            inited   0x20000000      0x4  port.o [1]
    .data            inited   0x20000004      0x4  stm32f4xx_hal.o [1]
    .data            inited   0x20000008      0x4  system_stm32f4xx.o [1]
    .data            inited   0x2000000c      0x1  stm32f4xx_hal.o [1]
                            - 0x2000000d      0xd

"P2", part 2 of 3:                        0x13138
  .bss               zero     0x20000010  0x12c00  heap_4.o [1]
  .bss               zero     0x20012c10    0x280  tasks.o [1]
  .bss               zero     0x20012e90     0xcc  debug.o [1]
  .bss               zero     0x20012f5c     0x44  usart.o [1]
  .bss               zero     0x20012fa0     0x44  usart.o [1]
  .bss               zero     0x20012fe4     0x40  queue.o [1]
  .bss               zero     0x20013024     0x14  tasks.o [1]
  .bss               zero     0x20013038     0x14  tasks.o [1]
  .bss               zero     0x2001304c     0x14  tasks.o [1]
  .bss               zero     0x20013060     0x14  tasks.o [1]
  .bss               zero     0x20013074     0x14  tasks.o [1]
  .bss               zero     0x20013088     0x14  timers.o [1]
  .bss               zero     0x2001309c     0x14  timers.o [1]
  .bss               zero     0x200130b0      0x8  heap_4.o [1]
  .bss               zero     0x200130b8      0x4  app.o [1]
  .bss               zero     0x200130bc      0x4  device_term.o [1]
  .bss               zero     0x200130c0      0x4  heap_4.o [1]
  .bss               zero     0x200130c4      0x4  heap_4.o [1]
  .bss               zero     0x200130c8      0x4  heap_4.o [1]
  .bss               zero     0x200130cc      0x4  heap_4.o [1]
  .bss               zero     0x200130d0      0x4  key_test.o [1]
  .bss               zero     0x200130d4      0x4  led_test.o [1]
  .bss               zero     0x200130d8      0x4  led_test.o [1]
  .bss               zero     0x200130dc      0x4  port.o [1]
  .bss               zero     0x200130e0      0x4  port.o [1]
  .bss               zero     0x200130e4      0x4  port.o [1]
  .bss               zero     0x200130e8      0x4  port.o [1]
  .bss               zero     0x200130ec      0x4  stm32f4xx_hal.o [1]
  .bss               zero     0x200130f0      0x4  tasks.o [1]
  .bss               zero     0x200130f4      0x4  tasks.o [1]
  .bss               zero     0x200130f8      0x4  tasks.o [1]
  .bss               zero     0x200130fc      0x4  tasks.o [1]
  .bss               zero     0x20013100      0x4  tasks.o [1]
  .bss               zero     0x20013104      0x4  tasks.o [1]
  .bss               zero     0x20013108      0x4  tasks.o [1]
  .bss               zero     0x2001310c      0x4  tasks.o [1]
  .bss               zero     0x20013110      0x4  tasks.o [1]
  .bss               zero     0x20013114      0x4  tasks.o [1]
  .bss               zero     0x20013118      0x4  tasks.o [1]
  .bss               zero     0x2001311c      0x4  tasks.o [1]
  .bss               zero     0x20013120      0x4  tasks.o [1]
  .bss               zero     0x20013124      0x4  tasks.o [1]
  .bss               zero     0x20013128      0x4  tasks.o [1]
  .bss               zero     0x2001312c      0x4  timers.o [1]
  .bss               zero     0x20013130      0x4  timers.o [1]
  .bss               zero     0x20013134      0x4  timers.o [1]
  .bss               zero     0x20013138      0x4  timers.o [1]
  .bss               zero     0x2001313c      0x4  timers.o [1]
  .bss               zero     0x20013140      0x4  xfail_s.o [3]
  .bss               zero     0x20013144      0x1  key_test.o [1]
  .bss               zero     0x20013145      0x1  port.o [1]
                            - 0x20013146  0x13136

"P2", part 3 of 3:                          0x400
  CSTACK                      0x20013148    0x400  <Block>
    CSTACK           uninit   0x20013148    0x400  <Block tail>
                            - 0x20013548    0x400


*******************************************************************************
*** INIT TABLE
***

          Address     Size
          -------     ----
Zero (__iar_zero_init3)
    1 destination range, total size 0x13136:
          0x20000010  0x13136

Copy (__iar_copy_init3)
    1 source range, total size 0x10 (123% of destination):
          0x08005b28     0x10
    1 destination range, total size 0xd:
          0x20000000      0xd



*******************************************************************************
*** MODULE SUMMARY
***

    Module                  ro code  ro data  rw data
    ------                  -------  -------  -------
D:\GitHub_FreeRtos_Stm32\FreeRTOS-Stm32-Demo\FreeRtos_stm32_demo\Project\OS2\Obj: [1]
    app.o                       120      124        4
    debug.o                      88               204
    device_term.o               116       60        4
    gpio.o                      510
    heap_4.o                    604        4   76 824
    key_test.o                  392      104        5
    led_test.o                  260      144        8
    list.o                      152
    port.o                      972        8       21
    portasm.o                   168
    queue.o                   1 996                64
    startup_stm32f407xx.o       720
    stm32f4xx_hal.o             164        5        9
    stm32f4xx_hal_cortex.o      300
    stm32f4xx_hal_dma.o         194
    stm32f4xx_hal_gpio.o        620
    stm32f4xx_hal_msp.o          72
    stm32f4xx_hal_rcc.o       1 592
    stm32f4xx_hal_uart.o      1 512
    stm32f4xx_it.o               40
    sysclk.o                    196
    system_stm32f4xx.o           20       28        4
    tasks.o                   3 596        8      800
    timers.o                  1 068       16       60
    usart.o                     452               136
    -------------------------------------------------
    Total:                   15 924      501   78 143

command line: [2]
    -------------------------------------------------
    Total:

dl7M_tln.a: [3]
    abort.o                       6
    exit.o                        4
    low_level_init.o              4
    vsprintf.o                   56
    xfail_s.o                    68                 4
    xprintffull_nomb.o        3 546
    xsprout.o                    10
    -------------------------------------------------
    Total:                    3 694                 4

m7M_tls.a: [4]
    DblAdd.o                    360
    DblCmpGe.o                   46
    DblCmpLe.o                   46
    DblDiv.o                    582
    DblMul.o                    418
    DblSub.o                    226
    DblToS32.o                   58
    DblToU32.o                   40
    S32ToDbl.o                   34
    U32ToDbl.o                   26
    fpinit_M.o                   34
    frexp.o                     112
    ldexp.o                     314
    -------------------------------------------------
    Total:                    2 296

rt7M_tl.a: [5]
    ABImemclr4.o                  6
    ABImemcpy.o                 166
    ABImemset.o                 102
    ABImemset48.o                50
    I64DivMod.o                 558
    I64DivZer.o                   2
    cexit.o                      10
    cmain.o                      30
    copy_init3.o                 44
    cstartup_M.o                 12
    data_init.o                  40
    memchr.o                     88
    strchr.o                     22
    strlen.o                     54
    zero_init3.o                 64
    -------------------------------------------------
    Total:                    1 248

shb_l.a: [6]
    exit.o                       20
    -------------------------------------------------
    Total:                       20

    Gaps                         38        4
    Linker created                        39    1 024
-----------------------------------------------------
    Grand Total:             23 220      544   79 171


*******************************************************************************
*** ENTRY LIST
***

Entry                      Address     Size  Type      Object
-----                      -------     ----  ----      ------
.iar.init_table$$Base   0x08005988            --   Gb  - Linker created -
.iar.init_table$$Limit  0x080059ac            --   Gb  - Linker created -
?main                   0x08005a0d           Code  Gb  cmain.o [5]
AHBPrescTable           0x08005b08     0x10  Data  Gb  system_stm32f4xx.o [1]
APBPrescTable           0x08005b74      0x8  Data  Gb  system_stm32f4xx.o [1]
AppTaskCreate           0x08005751     0x30  Code  Lc  app.o [1]
AppTaskCreate_Handle    0x200130b8      0x4  Data  Gb  app.o [1]
BEEP                    0x20013144      0x1  Data  Gb  key_test.o [1]
BusFault_Handler        0x0800591b      0x2  Code  Gb  stm32f4xx_it.o [1]
CSTACK$$Base            0x20013148            --   Gb  - Linker created -
CSTACK$$Limit           0x20013548            --   Gb  - Linker created -
DebugMon_Handler        0x0800591f      0x2  Code  Gb  stm32f4xx_it.o [1]
EXTI9_5_IRQHandler      0x08004da1     0x28  Code  Gb  key_test.o [1]
EXTIX_Init              0x08004d57     0x4a  Code  Gb  key_test.o [1]
Error_Handler           0x080045a9      0x4  Code  Gb  usart.o [1]
HAL_DMA_Abort           0x080045ad     0x9c  Code  Gb  stm32f4xx_hal_dma.o [1]
HAL_DMA_Abort_IT        0x08004649     0x26  Code  Gb  stm32f4xx_hal_dma.o [1]
HAL_GPIO_EXTI_Callback  0x08004dc9     0x1c  Code  Gb  key_test.o [1]
HAL_GPIO_EXTI_IRQHandler
                        0x08004ab7     0x1a  Code  Gb  stm32f4xx_hal_gpio.o [1]
HAL_GPIO_Init           0x080048a5    0x1ec  Code  Gb  stm32f4xx_hal_gpio.o [1]
HAL_GPIO_ReadPin        0x08004a91     0x12  Code  Gb  stm32f4xx_hal_gpio.o [1]
HAL_GPIO_WritePin       0x08004aa3     0x14  Code  Gb  stm32f4xx_hal_gpio.o [1]
HAL_GetREVID            0x080056f7      0x8  Code  Gb  stm32f4xx_hal.o [1]
HAL_GetTick             0x08004c3d      0xc  Code  Wk  stm32f4xx_hal.o [1]
HAL_Init                0x080056bd     0x3a  Code  Gb  stm32f4xx_hal.o [1]
HAL_InitTick            0x08004c49     0x4c  Code  Wk  stm32f4xx_hal.o [1]
HAL_MspInit             0x08005709     0x48  Code  Gb  stm32f4xx_hal_msp.o [1]
HAL_NVIC_EnableIRQ      0x08004c09      0xa  Code  Gb  stm32f4xx_hal_cortex.o [1]
HAL_NVIC_SetPriority    0x08004be7     0x22  Code  Gb  stm32f4xx_hal_cortex.o [1]
HAL_NVIC_SetPriorityGrouping
                        0x08004bdf      0x8  Code  Gb  stm32f4xx_hal_cortex.o [1]
HAL_RCC_ClockConfig     0x08004679    0x14c  Code  Gb  stm32f4xx_hal_rcc.o [1]
HAL_RCC_GetHCLKFreq     0x080047c5      0x6  Code  Gb  stm32f4xx_hal_rcc.o [1]
HAL_RCC_GetPCLK1Freq    0x080047cb     0x16  Code  Gb  stm32f4xx_hal_rcc.o [1]
HAL_RCC_GetPCLK2Freq    0x080047e1     0x16  Code  Gb  stm32f4xx_hal_rcc.o [1]
HAL_RCC_OscConfig       0x080050e1    0x414  Code  Wk  stm32f4xx_hal_rcc.o [1]
HAL_SYSTICK_Config      0x08004c13      0x8  Code  Gb  stm32f4xx_hal_cortex.o [1]
HAL_UART_IRQHandler     0x08003e7f    0x21c  Code  Gb  stm32f4xx_hal_uart.o [1]
HAL_UART_Init           0x08003e09     0x76  Code  Gb  stm32f4xx_hal_uart.o [1]
HAL_UART_MspInit        0x0800443d    0x144  Code  Gb  usart.o [1]
HardFault_Handler       0x08005917      0x2  Code  Gb  stm32f4xx_it.o [1]
KEY1_TASK_Handle        0x200130d0      0x4  Data  Gb  key_test.o [1]
Key1_Task               0x08004cc9     0x62  Code  Lc  key_test.o [1]
LED0_TASK_Handle        0x200130d8      0x4  Data  Gb  led_test.o [1]
LED0_Task               0x08005519     0x24  Code  Lc  led_test.o [1]
LED1_TASK_Handle        0x200130d4      0x4  Data  Gb  led_test.o [1]
LED1_Task               0x080054f5     0x24  Code  Lc  led_test.o [1]
LoadInt                 0x080025a7     0x7a  Code  Lc  xprintffull_nomb.o [3]
MemManage_Handler       0x08005919      0x2  Code  Gb  stm32f4xx_it.o [1]
NMI_Handler             0x08005915      0x2  Code  Gb  stm32f4xx_it.o [1]
NVIC_EncodePriority     0x08004b73     0x3e  Code  Lc  stm32f4xx_hal_cortex.o [1]
PendSV_Handler          0x08001af1           Code  Gb  portasm.o [1]
Region$$Table$$Base     0x08005988            --   Gb  - Linker created -
Region$$Table$$Limit    0x080059ac            --   Gb  - Linker created -
SVC_Handler             0x08001b49           Code  Gb  portasm.o [1]
SysTick_Config          0x08004bb1     0x2e  Code  Lc  stm32f4xx_hal_cortex.o [1]
SysTick_Handler         0x08001481     0x28  Code  Gb  port.o [1]
SystemClock_Config      0x080055f9     0xb6  Code  Gb  sysclk.o [1]
SystemCoreClock         0x20000008      0x4  Data  Gb  system_stm32f4xx.o [1]
SystemInit              0x08005ac5      0xe  Code  Gb  system_stm32f4xx.o [1]
TERM_TASK_Handle        0x200130bc      0x4  Data  Gb  device_term.o [1]
UART5_IRQHandler        0x0800592b      0xa  Code  Gb  stm32f4xx_it.o [1]
UART5_UART_Init         0x080043f9     0x44  Code  Gb  usart.o [1]
UART_DMAAbortOnError    0x080040d1     0x12  Code  Lc  stm32f4xx_hal_uart.o [1]
UART_EndRxTransfer      0x0800409b     0x36  Code  Lc  stm32f4xx_hal_uart.o [1]
UART_EndTransmit_IT     0x08004147     0x1c  Code  Lc  stm32f4xx_hal_uart.o [1]
UART_Receive_IT         0x08004163     0xc8  Code  Lc  stm32f4xx_hal_uart.o [1]
UART_SetConfig          0x0800422b    0x1b0  Code  Lc  stm32f4xx_hal_uart.o [1]
UART_Transmit_IT        0x080040e5     0x62  Code  Lc  stm32f4xx_hal_uart.o [1]
USART1_IRQHandler       0x08005921      0xa  Code  Gb  stm32f4xx_it.o [1]
UsageFault_Handler      0x0800591d      0x2  Code  Gb  stm32f4xx_it.o [1]
_GenldFullNoMb          0x08002f13    0x248  Code  Lc  xprintffull_nomb.o [3]
_LdtobFullNoMb          0x08002ae9    0x3fe  Code  Lc  xprintffull_nomb.o [3]
_LitobFullNoMb          0x08002991    0x112  Code  Lc  xprintffull_nomb.o [3]
_PrintfFullNoMb         0x0800240d    0x18c  Code  Gb  xprintffull_nomb.o [3]
_PutcharsFullNoMb       0x0800315b     0x2e  Code  Lc  xprintffull_nomb.o [3]
_PutfldFullNoMb         0x08002621    0x264  Code  Lc  xprintffull_nomb.o [3]
_PuttxtFullNoMb         0x08002885    0x10c  Code  Lc  xprintffull_nomb.o [3]
_SProut                 0x080012ef      0xa  Code  Gb  xsprout.o [3]
__NVIC_EnableIRQ        0x08004b37     0x1a  Code  Lc  stm32f4xx_hal_cortex.o [1]
__NVIC_GetPriorityGrouping
                        0x08004b2d      0xa  Code  Lc  stm32f4xx_hal_cortex.o [1]
__NVIC_SetPriority      0x08004b51     0x22  Code  Lc  stm32f4xx_hal_cortex.o [1]
__NVIC_SetPriorityGrouping
                        0x08004b11     0x1c  Code  Lc  stm32f4xx_hal_cortex.o [1]
__aeabi_cdcmple         0x08003719           Code  Gb  DblCmpLe.o [4]
__aeabi_cdrcmple        0x08003749           Code  Gb  DblCmpGe.o [4]
__aeabi_d2iz            0x080038b5           Code  Gb  DblToS32.o [4]
__aeabi_d2uiz           0x08003c41           Code  Gb  DblToU32.o [4]
__aeabi_ddiv            0x080039f9           Code  Gb  DblDiv.o [4]
__aeabi_dmul            0x08003505           Code  Gb  DblMul.o [4]
__aeabi_dsub            0x08003915           Code  Gb  DblSub.o [4]
__aeabi_i2d             0x080038f1           Code  Gb  S32ToDbl.o [4]
__aeabi_ldiv0           0x08003c89           Code  Gb  I64DivZer.o [5]
__aeabi_memclr4         0x0800489d           Code  Gb  ABImemclr4.o [5]
__aeabi_memcpy          0x08002365           Code  Gb  ABImemcpy.o [5]
__aeabi_memcpy4         0x08002385           Code  Gb  ABImemcpy.o [5]
__aeabi_memcpy8         0x08002385           Code  Gb  ABImemcpy.o [5]
__aeabi_memset          0x080011f1           Code  Gb  ABImemset.o [5]
__aeabi_ui2d            0x08003c69           Code  Gb  U32ToDbl.o [4]
__aeabi_uldivmod        0x080032d5           Code  Gb  I64DivMod.o [5]
__cmain                 0x08005a0d           Code  Gb  cmain.o [5]
__exit                  0x08003df5     0x14  Code  Gb  exit.o [6]
__iar_Fail_s            0x08003201     0x1e  Code  Gb  xfail_s.o [3]
__iar_Memchr            0x0800327d           Code  Gb  memchr.o [5]
__iar_Memset            0x080011f1           Code  Gb  ABImemset.o [5]
__iar_Memset4_word      0x08004c95           Code  Gb  ABImemset48.o [5]
__iar_Memset8_word      0x08004c95           Code  Gb  ABImemset48.o [5]
__iar_Memset_word       0x080011f9           Code  Gb  ABImemset.o [5]
__iar_Strchr            0x080031e9           Code  Gb  strchr.o [5]
__iar_copy_init3        0x080058e9     0x2c  Code  Gb  copy_init3.o [5]
__iar_dadd              0x08003925           Code  Gb  DblSub.o [4]
__iar_data_init3        0x0800593d     0x28  Code  Gb  data_init.o [5]
__iar_dsub              0x08003c8d           Code  Gb  DblAdd.o [4]
__iar_dsubStart         0x08003c9f           Code  Gb  DblAdd.o [4]
__iar_frexp             0x080036b5           Code  Gb  frexp.o [4]
__iar_frexpl            0x080036b5           Code  Gb  frexp.o [4]
__iar_init_vfp          0x08005965           Code  Gb  fpinit_M.o [4]
__iar_ldexp64           0x08003779           Code  Gb  ldexp.o [4]
__iar_program_start     0x08005b69           Code  Gb  cstartup_M.o [5]
__iar_scalbln64         0x08003779           Code  Gb  ldexp.o [4]
__iar_scalbn64          0x08003779           Code  Gb  ldexp.o [4]
__iar_softfp___iar_frexp64
                        0x080036a9           Code  Gb  frexp.o [4]
__iar_softfp_frexp      0x080036a9           Code  Gb  frexp.o [4]
__iar_softfp_frexpl     0x080036a9           Code  Gb  frexp.o [4]
__iar_systems$$module {Abs}
                        0x00000001           Data  Gb  command line/config [2]
__iar_zero_init3        0x0800583d     0x40  Code  Gb  zero_init3.o [5]
__low_level_init        0x08005a2b      0x4  Code  Gb  low_level_init.o [3]
__vector_table          0x08000000           Data  Gb  startup_stm32f407xx.o [1]
_call_main              0x08005a19           Code  Gb  cmain.o [5]
_exit                   0x08005a35           Code  Gb  cexit.o [5]
_main                   0x08005a27           Code  Gb  cmain.o [5]
abort                   0x08003c83      0x6  Code  Gb  abort.o [3]
drv_gpio_clrbit         0x08005085      0xc  Code  Gb  gpio.o [1]
drv_gpio_getbit         0x08005091     0x16  Code  Gb  gpio.o [1]
drv_gpio_openbit        0x08004ea9    0x1ac  Code  Gb  gpio.o [1]
drv_gpio_setbit         0x08005079      0xc  Code  Gb  gpio.o [1]
eTaskConfirmSleepModeStatus
                        0x08000bdd     0x36  Code  Gb  tasks.o [1]
exit                    0x08005a2f      0x4  Code  Gb  exit.o [3]
huart1                  0x20012f5c     0x44  Data  Gb  usart.o [1]
huart5                  0x20012fa0     0x44  Data  Gb  usart.o [1]
init_term_module        0x08005835      0x8  Code  Gb  device_term.o [1]
key_test                0x08004de5     0x32  Code  Gb  key_test.o [1]
ldexp                   0x08003779           Code  Gb  ldexp.o [4]
ldexpl                  0x08003779           Code  Gb  ldexp.o [4]
led_test                0x08005595     0x36  Code  Gb  led_test.o [1]
main                    0x08005781     0x32  Code  Gb  app.o [1]
memchr                  0x0800327d           Code  Gb  memchr.o [5]
pcInterruptPriorityRegisters
                        0x08005b98      0x4  Data  Lc  port.o [1]
prvAddCurrentTaskToDelayedList
                        0x08000ee5     0x7c  Code  Lc  tasks.o [1]
prvAddNewTaskToReadyList
                        0x080002a9     0xc2  Code  Lc  tasks.o [1]
prvCheckForValidListAndQueue
                        0x08001a13     0x4c  Code  Lc  timers.o [1]
prvCheckTasksWaitingTermination
                        0x08000c6b     0x64  Code  Lc  tasks.o [1]
prvCopyDataFromQueue    0x0800218f     0x2a  Code  Lc  queue.o [1]
prvCopyDataToQueue      0x08002109     0x86  Code  Lc  queue.o [1]
prvDeleteTCB            0x08000cd5     0x12  Code  Lc  tasks.o [1]
prvGetExpectedIdleTime  0x080006a7     0x46  Code  Lc  tasks.o [1]
prvGetNextExpireTime    0x08001803     0x2c  Code  Lc  timers.o [1]
prvHeapInit             0x08001119     0x62  Code  Lc  heap_4.o [1]
prvIdleTask             0x08000b81     0x5c  Code  Lc  tasks.o [1]
prvInitialiseNewQueue   0x08001c79     0x26  Code  Lc  queue.o [1]
prvInitialiseNewTask    0x080001f3     0xb6  Code  Lc  tasks.o [1]
prvInitialiseTaskLists  0x08000c13     0x58  Code  Lc  tasks.o [1]
prvInsertBlockIntoFreeList
                        0x0800117b     0x58  Code  Lc  heap_4.o [1]
prvInsertTimerInActiveList
                        0x08001859     0x3e  Code  Lc  timers.o [1]
prvIsQueueEmpty         0x0800223f     0x1c  Code  Lc  queue.o [1]
prvIsQueueFull          0x0800225b     0x1e  Code  Lc  queue.o [1]
prvNotifyQueueSetContainer
                        0x080022ef     0x76  Code  Lc  queue.o [1]
prvProcessExpiredTimer  0x0800171d     0x5a  Code  Lc  timers.o [1]
prvProcessReceivedCommands
                        0x08001897     0xfe  Code  Lc  timers.o [1]
prvProcessTimerOrBlockTask
                        0x0800178d     0x76  Code  Lc  timers.o [1]
prvResetNextTaskUnblockTime
                        0x08000ce7     0x28  Code  Lc  tasks.o [1]
prvSampleTimeNow        0x0800182f     0x2a  Code  Lc  timers.o [1]
prvSampleTimeNow::xLastTime
                        0x2001313c      0x4  Data  Lc  timers.o [1]
prvSwitchTimerLists     0x08001995     0x7e  Code  Lc  timers.o [1]
prvTaskExitError        0x08001321     0x2a  Code  Lc  port.o [1]
prvTaskIsTaskSuspended  0x0800056d     0x36  Code  Lc  tasks.o [1]
prvTimerTask            0x08001779     0x14  Code  Lc  timers.o [1]
prvUnlockQueue          0x080021b9     0x86  Code  Lc  queue.o [1]
pvPortMalloc            0x08000f95    0x10e  Code  Gb  heap_4.o [1]
pvTaskIncrementMutexHeldCount
                        0x08000ea5     0x1e  Code  Gb  tasks.o [1]
pxCurrentTCB            0x200130f0      0x4  Data  Gb  tasks.o [1]
pxCurrentTimerList      0x2001312c      0x4  Data  Lc  timers.o [1]
pxDelayedTaskList       0x200130f4      0x4  Data  Lc  tasks.o [1]
pxEnd                   0x200130c0      0x4  Data  Lc  heap_4.o [1]
pxOverflowDelayedTaskList
                        0x200130f8      0x4  Data  Lc  tasks.o [1]
pxOverflowTimerList     0x20013130      0x4  Data  Lc  timers.o [1]
pxPortInitialiseStack   0x080012f9     0x28  Code  Gb  port.o [1]
pxReadyTasksLists       0x20012c10    0x280  Data  Lc  tasks.o [1]
scalbln                 0x08003779           Code  Gb  ldexp.o [4]
scalblnl                0x08003779           Code  Gb  ldexp.o [4]
scalbn                  0x08003779           Code  Gb  ldexp.o [4]
scalbnl                 0x08003779           Code  Gb  ldexp.o [4]
scale                   0x08002aa3     0x46  Code  Lc  xprintffull_nomb.o [3]
sec_hand                0x20013140      0x4  Data  Lc  xfail_s.o [3]
strchr                  0x080031e9           Code  Gb  strchr.o [5]
strlen                  0x08003245           Code  Gb  strlen.o [5]
task_create_key1        0x08004d2b     0x2c  Code  Lc  key_test.o [1]
task_create_led0        0x08005569     0x2c  Code  Lc  led_test.o [1]
task_create_led1        0x0800553d     0x2c  Code  Lc  led_test.o [1]
task_create_term        0x080057f1     0x2c  Code  Lc  device_term.o [1]
task_term               0x080057c9     0x28  Code  Gb  device_term.o [1]
term_printf             0x08004e7d     0x28  Code  Gb  debug.o [1]
term_printf::buffer     0x20012e90     0xcc  Data  Lc  debug.o [1]
term_uart_wrstr         0x08004e51     0x2c  Code  Gb  debug.o [1]
uart_send_char          0x080043e9     0x10  Code  Gb  usart.o [1]
ucHeap                  0x20000010  0x12c00  Data  Lc  heap_4.o [1]
ucMaxSysCallPriority    0x20013145      0x1  Data  Lc  port.o [1]
ulMaxPRIGROUPValue      0x200130e8      0x4  Data  Lc  port.o [1]
ulStoppedTimerCompensation
                        0x200130e4      0x4  Data  Lc  port.o [1]
ulTimerCountsForOneTick
                        0x200130dc      0x4  Data  Lc  port.o [1]
uwTick                  0x200130ec      0x4  Data  Gb  stm32f4xx_hal.o [1]
uwTickFreq              0x2000000c      0x1  Data  Gb  stm32f4xx_hal.o [1]
uwTickPrio              0x20000004      0x4  Data  Gb  stm32f4xx_hal.o [1]
uxCriticalNesting       0x20000000      0x4  Data  Lc  port.o [1]
uxCurrentNumberOfTasks  0x20013100      0x4  Data  Lc  tasks.o [1]
uxDeletedTasksWaitingCleanUp
                        0x200130fc      0x4  Data  Lc  tasks.o [1]
uxListRemove            0x080012c9     0x26  Code  Gb  list.o [1]
uxPendedTicks           0x20013110      0x4  Data  Lc  tasks.o [1]
uxSchedulerSuspended    0x20013128      0x4  Data  Lc  tasks.o [1]
uxTaskNumber            0x2001311c      0x4  Data  Lc  tasks.o [1]
uxTopReadyPriority      0x20013108      0x4  Data  Lc  tasks.o [1]
vListInitialise         0x08001257     0x1e  Code  Gb  list.o [1]
vListInitialiseItem     0x08001275      0x6  Code  Gb  list.o [1]
vListInsert             0x08001293     0x36  Code  Gb  list.o [1]
vListInsertEnd          0x0800127b     0x18  Code  Gb  list.o [1]
vPortEnableVFP          0x08001b7d           Code  Gb  portasm.o [1]
vPortEnterCritical      0x08001415     0x3a  Code  Gb  port.o [1]
vPortExitCritical       0x0800144f     0x32  Code  Gb  port.o [1]
vPortFree               0x080010a3     0x76  Code  Gb  heap_4.o [1]
vPortStartFirstTask     0x08001b65           Code  Gb  portasm.o [1]
vPortSuppressTicksAndSleep
                        0x08001525    0x138  Code  Wk  port.o [1]
vPortValidateInterruptPriority
                        0x080014a9     0x4a  Code  Gb  port.o [1]
vQueueAddToRegistry     0x08002279     0x24  Code  Gb  queue.o [1]
vQueueWaitForMessageRestricted
                        0x080022a5     0x4a  Code  Gb  queue.o [1]
vTaskDelay              0x0800044b     0x4c  Code  Gb  tasks.o [1]
vTaskDelete             0x0800036b     0xe0  Code  Gb  tasks.o [1]
vTaskMissedYield        0x08000b6b      0xa  Code  Gb  tasks.o [1]
vTaskPlaceOnEventList   0x080009ad     0x2e  Code  Gb  tasks.o [1]
vTaskPlaceOnEventListRestricted
                        0x080009e5     0x38  Code  Gb  tasks.o [1]
vTaskPriorityInherit    0x08000d2f     0xac  Code  Gb  tasks.o [1]
vTaskResume             0x080005a3     0x88  Code  Gb  tasks.o [1]
vTaskSetTimeOutState    0x08000abd     0x26  Code  Gb  tasks.o [1]
vTaskStartScheduler     0x0800062b     0x6c  Code  Gb  tasks.o [1]
vTaskStepTick           0x080007ed     0x2c  Code  Gb  tasks.o [1]
vTaskSuspend            0x08000497     0xd6  Code  Gb  tasks.o [1]
vTaskSuspendAll         0x08000697     0x10  Code  Gb  tasks.o [1]
vTaskSwitchContext      0x08000935     0x70  Code  Gb  tasks.o [1]
vsprintf                0x080050a9     0x38  Code  Gb  vsprintf.o [3]
xActiveTimerList1       0x20013088     0x14  Data  Lc  timers.o [1]
xActiveTimerList2       0x2001309c     0x14  Data  Lc  timers.o [1]
xBlockAllocatedBit      0x200130cc      0x4  Data  Lc  heap_4.o [1]
xDelayedTaskList1       0x20013024     0x14  Data  Lc  tasks.o [1]
xDelayedTaskList2       0x20013038     0x14  Data  Lc  tasks.o [1]
xFreeBytesRemaining     0x200130c4      0x4  Data  Lc  heap_4.o [1]
xHeapStructSize         0x08005b94      0x4  Data  Lc  heap_4.o [1]
xIdleTaskHandle         0x20013124      0x4  Data  Lc  tasks.o [1]
xMaximumPossibleSuppressedTicks
                        0x200130e0      0x4  Data  Lc  port.o [1]
xMinimumEverFreeBytesRemaining
                        0x200130c8      0x4  Data  Lc  heap_4.o [1]
xNextTaskUnblockTime    0x20013120      0x4  Data  Lc  tasks.o [1]
xNumOfOverflows         0x20013118      0x4  Data  Lc  tasks.o [1]
xPendingReadyList       0x2001304c     0x14  Data  Lc  tasks.o [1]
xPortStartScheduler     0x0800134b     0xca  Code  Gb  port.o [1]
xQueueGenericCreate     0x08001c2f     0x4a  Code  Gb  queue.o [1]
xQueueGenericReceive    0x08001f4f    0x1ba  Code  Gb  queue.o [1]
xQueueGenericReset      0x08001b99     0x96  Code  Gb  queue.o [1]
xQueueGenericSend       0x08001c9f    0x1bc  Code  Gb  queue.o [1]
xQueueGenericSendFromISR
                        0x08001e5b     0xf4  Code  Gb  queue.o [1]
xQueueRegistry          0x20012fe4     0x40  Data  Gb  queue.o [1]
xSchedulerRunning       0x2001310c      0x4  Data  Lc  tasks.o [1]
xStart                  0x200130b0      0x8  Data  Lc  heap_4.o [1]
xSuspendedTaskList      0x20013074     0x14  Data  Lc  tasks.o [1]
xTaskCheckForTimeOut    0x08000ae9     0x82  Code  Gb  tasks.o [1]
xTaskCreate             0x08000189     0x6a  Code  Gb  tasks.o [1]
xTaskGetSchedulerState  0x08000d0f     0x20  Code  Gb  tasks.o [1]
xTaskGetTickCount       0x080007e5      0x8  Code  Gb  tasks.o [1]
xTaskIncrementTick      0x08000819    0x112  Code  Gb  tasks.o [1]
xTaskPriorityDisinherit
                        0x08000ded     0xb6  Code  Gb  tasks.o [1]
xTaskRemoveFromEventList
                        0x08000a29     0x8a  Code  Gb  tasks.o [1]
xTaskResumeAll          0x080006ed     0xf8  Code  Gb  tasks.o [1]
xTasksWaitingTermination
                        0x20013060     0x14  Data  Lc  tasks.o [1]
xTickCount              0x20013104      0x4  Data  Lc  tasks.o [1]
xTimerCreateTimerTask   0x0800165d     0x48  Code  Gb  timers.o [1]
xTimerGenericCommand    0x080016a5     0x78  Code  Gb  timers.o [1]
xTimerQueue             0x20013134      0x4  Data  Lc  timers.o [1]
xTimerTaskHandle        0x20013138      0x4  Data  Lc  timers.o [1]
xYieldPending           0x20013114      0x4  Data  Lc  tasks.o [1]


[1] = D:\GitHub_FreeRtos_Stm32\FreeRTOS-Stm32-Demo\FreeRtos_stm32_demo\Project\OS2\Obj
[2] = command line
[3] = dl7M_tln.a
[4] = m7M_tls.a
[5] = rt7M_tl.a
[6] = shb_l.a

  23 220 bytes of readonly  code memory
     544 bytes of readonly  data memory
  79 171 bytes of readwrite data memory

Errors: none
Warnings: none
