###############################################################################
#
# IAR ELF Linker V8.20.1.14183/W32 for ARM                14/Jul/2021  11:12:08
# Copyright 2007-2017 IAR Systems AB.
#
#    Output file  =  
#        D:\GitHub_FreeRtos_Stm32\FreeRtos_stm32_demo\Project\OS2\Exe\OS2.out
#    Map file     =  
#        D:\GitHub_FreeRtos_Stm32\FreeRtos_stm32_demo\Project\OS2\List\OS2.map
#    Command line =  
#        -f C:\Users\MY-PC\AppData\Local\Temp\EWF05F.tmp
#        (D:\GitHub_FreeRtos_Stm32\FreeRtos_stm32_demo\Project\OS2\Obj\gpio.o
#        D:\GitHub_FreeRtos_Stm32\FreeRtos_stm32_demo\Project\OS2\Obj\main.o
#        D:\GitHub_FreeRtos_Stm32\FreeRtos_stm32_demo\Project\OS2\Obj\startup_stm32f407xx.o
#        D:\GitHub_FreeRtos_Stm32\FreeRtos_stm32_demo\Project\OS2\Obj\stm32f4xx_hal.o
#        D:\GitHub_FreeRtos_Stm32\FreeRtos_stm32_demo\Project\OS2\Obj\stm32f4xx_hal_cortex.o
#        D:\GitHub_FreeRtos_Stm32\FreeRtos_stm32_demo\Project\OS2\Obj\stm32f4xx_hal_dma.o
#        D:\GitHub_FreeRtos_Stm32\FreeRtos_stm32_demo\Project\OS2\Obj\stm32f4xx_hal_dma_ex.o
#        D:\GitHub_FreeRtos_Stm32\FreeRtos_stm32_demo\Project\OS2\Obj\stm32f4xx_hal_exti.o
#        D:\GitHub_FreeRtos_Stm32\FreeRtos_stm32_demo\Project\OS2\Obj\stm32f4xx_hal_flash.o
#        D:\GitHub_FreeRtos_Stm32\FreeRtos_stm32_demo\Project\OS2\Obj\stm32f4xx_hal_flash_ex.o
#        D:\GitHub_FreeRtos_Stm32\FreeRtos_stm32_demo\Project\OS2\Obj\stm32f4xx_hal_flash_ramfunc.o
#        D:\GitHub_FreeRtos_Stm32\FreeRtos_stm32_demo\Project\OS2\Obj\stm32f4xx_hal_gpio.o
#        D:\GitHub_FreeRtos_Stm32\FreeRtos_stm32_demo\Project\OS2\Obj\stm32f4xx_hal_msp.o
#        D:\GitHub_FreeRtos_Stm32\FreeRtos_stm32_demo\Project\OS2\Obj\stm32f4xx_hal_pwr.o
#        D:\GitHub_FreeRtos_Stm32\FreeRtos_stm32_demo\Project\OS2\Obj\stm32f4xx_hal_pwr_ex.o
#        D:\GitHub_FreeRtos_Stm32\FreeRtos_stm32_demo\Project\OS2\Obj\stm32f4xx_hal_rcc.o
#        D:\GitHub_FreeRtos_Stm32\FreeRtos_stm32_demo\Project\OS2\Obj\stm32f4xx_hal_rcc_ex.o
#        D:\GitHub_FreeRtos_Stm32\FreeRtos_stm32_demo\Project\OS2\Obj\stm32f4xx_hal_tim.o
#        D:\GitHub_FreeRtos_Stm32\FreeRtos_stm32_demo\Project\OS2\Obj\stm32f4xx_hal_tim_ex.o
#        D:\GitHub_FreeRtos_Stm32\FreeRtos_stm32_demo\Project\OS2\Obj\stm32f4xx_hal_uart.o
#        D:\GitHub_FreeRtos_Stm32\FreeRtos_stm32_demo\Project\OS2\Obj\stm32f4xx_it.o
#        D:\GitHub_FreeRtos_Stm32\FreeRtos_stm32_demo\Project\OS2\Obj\sysclk.o
#        D:\GitHub_FreeRtos_Stm32\FreeRtos_stm32_demo\Project\OS2\Obj\system_stm32f4xx.o
#        D:\GitHub_FreeRtos_Stm32\FreeRtos_stm32_demo\Project\OS2\Obj\usart.o
#        -o
#        D:\GitHub_FreeRtos_Stm32\FreeRtos_stm32_demo\Project\OS2\Exe\OS2.out
#        --map
#        D:\GitHub_FreeRtos_Stm32\FreeRtos_stm32_demo\Project\OS2\List\OS2.map
#        --config
#        D:\GitHub_FreeRtos_Stm32\FreeRtos_stm32_demo\Drivers\IAR\stm32f407xx_flash.icf
#        --semihosting --entry __iar_program_start --vfe --text_out locale)
#
###############################################################################

*******************************************************************************
*** RUNTIME MODEL ATTRIBUTES
***

CppFlavor       = *
__SystemLibrary = DLib
__dlib_version  = 6


*******************************************************************************
*** HEAP SELECTION
***

The basic heap was selected because no calls to memory allocation
functions were found in the application outside of system library
functions, and there are calls to deallocation functions in the
application.


*******************************************************************************
*** PLACEMENT SUMMARY
***

"A0":  place at 0x08000000 { ro section .intvec };
"P1":  place in [from 0x08000000 to 0x080fffff] { ro };
define block CSTACK with size = 1K, alignment = 8 { };
define block HEAP with size = 512, alignment = 8 { };
"P2":  place in [from 0x20000000 to 0x2001ffff] {
          rw, block CSTACK, block HEAP };
initialize by copy { rw };

  Section            Kind        Address    Size  Object
  -------            ----        -------    ----  ------
"A0":                                      0x188
  .intvec            ro code  0x08000000   0x188  startup_stm32f407xx.o [1]
                            - 0x08000188   0x188

"P1":                                     0x197b
  .text              ro code  0x08000188   0x5e0  stm32f4xx_hal_uart.o [1]
  .text              ro code  0x08000768    0xd8  usart.o [1]
  .text              ro code  0x08000840    0xc2  stm32f4xx_hal_dma.o [1]
  .text              ro code  0x08000902     0x2  stm32f4xx_hal_uart.o [1]
  .text              ro code  0x08000904     0x2  stm32f4xx_hal_uart.o [1]
  .text              ro code  0x08000906     0x2  stm32f4xx_hal_uart.o [1]
  .text              ro code  0x08000908     0x2  stm32f4xx_hal_uart.o [1]
  .text              ro code  0x0800090c   0x224  stm32f4xx_hal_rcc.o [1]
  .text              ro code  0x08000b30   0x22e  I64DivMod.o [5]
  .text              ro code  0x08000d60    0x48  main.o [1]
  .text              ro code  0x08000da8     0x6  ABImemclr4.o [5]
  .text              ro code  0x08000db0   0x238  stm32f4xx_hal_gpio.o [1]
  .text              ro code  0x08000fe8   0x14c  stm32f4xx_hal_cortex.o [1]
  .text              ro code  0x08001134     0xc  stm32f4xx_hal.o [1]
  .text              ro code  0x08001140    0x4c  stm32f4xx_hal.o [1]
  .text              ro code  0x0800118c     0x2  I64DivZer.o [5]
  .text              ro code  0x08001190    0x4c  stm32f4xx_hal.o [1]
  .text              ro code  0x080011dc   0x138  sysclk.o [1]
  .text              ro code  0x08001314    0xb0  gpio.o [1]
  .text              ro code  0x080013c4    0x32  ABImemset48.o [5]
  .text              ro code  0x080013f8    0x48  stm32f4xx_hal_msp.o [1]
  .text              ro code  0x08001440   0x414  stm32f4xx_hal_rcc.o [1]
  .text              ro code  0x08001854    0x38  packbits_init_single.o [5]
  .text              ro code  0x0800188c    0x28  stm32f4xx_it.o [1]
  .text              ro code  0x080018b4    0x18  stm32f4xx_hal.o [1]
  .text              ro code  0x080018cc    0x28  data_init.o [5]
  .text              ro code  0x080018f4    0x22  fpinit_M.o [4]
  .iar.init_table    const    0x08001918    0x10  - Linker created -
  .text              ro code  0x08001928    0x1e  cmain.o [5]
  .text              ro code  0x08001946     0x4  low_level_init.o [3]
  .text              ro code  0x0800194a     0x4  exit.o [3]
  .text              ro code  0x08001950     0xa  cexit.o [5]
  .text              ro code  0x0800195c    0x14  exit.o [6]
  .text              ro code  0x08001970    0x14  system_stm32f4xx.o [1]
  .rodata            const    0x08001984    0x10  system_stm32f4xx.o [1]
  .text              ro code  0x08001994    0x10  startup_stm32f407xx.o [1]
  .text              ro code  0x080019a4     0xc  cstartup_M.o [5]
  .rodata            const    0x080019b0     0x8  system_stm32f4xx.o [1]
  .text              ro code  0x080019b8     0x4  startup_stm32f407xx.o [1]
  .text              ro code  0x080019bc     0x4  startup_stm32f407xx.o [1]
  .text              ro code  0x080019c0     0x4  startup_stm32f407xx.o [1]
  .text              ro code  0x080019c4     0x4  startup_stm32f407xx.o [1]
  .text              ro code  0x080019c8     0x4  startup_stm32f407xx.o [1]
  .text              ro code  0x080019cc     0x4  startup_stm32f407xx.o [1]
  .text              ro code  0x080019d0     0x4  startup_stm32f407xx.o [1]
  .text              ro code  0x080019d4     0x4  startup_stm32f407xx.o [1]
  .text              ro code  0x080019d8     0x4  startup_stm32f407xx.o [1]
  .text              ro code  0x080019dc     0x4  startup_stm32f407xx.o [1]
  .text              ro code  0x080019e0     0x4  startup_stm32f407xx.o [1]
  .text              ro code  0x080019e4     0x4  startup_stm32f407xx.o [1]
  .text              ro code  0x080019e8     0x4  startup_stm32f407xx.o [1]
  .text              ro code  0x080019ec     0x4  startup_stm32f407xx.o [1]
  .text              ro code  0x080019f0     0x4  startup_stm32f407xx.o [1]
  .text              ro code  0x080019f4     0x4  startup_stm32f407xx.o [1]
  .text              ro code  0x080019f8     0x4  startup_stm32f407xx.o [1]
  .text              ro code  0x080019fc     0x4  startup_stm32f407xx.o [1]
  .text              ro code  0x08001a00     0x4  startup_stm32f407xx.o [1]
  .text              ro code  0x08001a04     0x4  startup_stm32f407xx.o [1]
  .text              ro code  0x08001a08     0x4  startup_stm32f407xx.o [1]
  .text              ro code  0x08001a0c     0x4  startup_stm32f407xx.o [1]
  .text              ro code  0x08001a10     0x4  startup_stm32f407xx.o [1]
  .text              ro code  0x08001a14     0x4  startup_stm32f407xx.o [1]
  .text              ro code  0x08001a18     0x4  startup_stm32f407xx.o [1]
  .text              ro code  0x08001a1c     0x4  startup_stm32f407xx.o [1]
  .text              ro code  0x08001a20     0x4  startup_stm32f407xx.o [1]
  .text              ro code  0x08001a24     0x4  startup_stm32f407xx.o [1]
  .text              ro code  0x08001a28     0x4  startup_stm32f407xx.o [1]
  .text              ro code  0x08001a2c     0x4  startup_stm32f407xx.o [1]
  .text              ro code  0x08001a30     0x4  startup_stm32f407xx.o [1]
  .text              ro code  0x08001a34     0x4  startup_stm32f407xx.o [1]
  .text              ro code  0x08001a38     0x4  startup_stm32f407xx.o [1]
  .text              ro code  0x08001a3c     0x4  startup_stm32f407xx.o [1]
  .text              ro code  0x08001a40     0x4  startup_stm32f407xx.o [1]
  .text              ro code  0x08001a44     0x4  startup_stm32f407xx.o [1]
  .text              ro code  0x08001a48     0x4  startup_stm32f407xx.o [1]
  .text              ro code  0x08001a4c     0x4  startup_stm32f407xx.o [1]
  .text              ro code  0x08001a50     0x4  startup_stm32f407xx.o [1]
  .text              ro code  0x08001a54     0x4  startup_stm32f407xx.o [1]
  .text              ro code  0x08001a58     0x4  startup_stm32f407xx.o [1]
  .text              ro code  0x08001a5c     0x4  startup_stm32f407xx.o [1]
  .text              ro code  0x08001a60     0x4  startup_stm32f407xx.o [1]
  .text              ro code  0x08001a64     0x4  startup_stm32f407xx.o [1]
  .text              ro code  0x08001a68     0x4  startup_stm32f407xx.o [1]
  .text              ro code  0x08001a6c     0x4  startup_stm32f407xx.o [1]
  .text              ro code  0x08001a70     0x4  startup_stm32f407xx.o [1]
  .text              ro code  0x08001a74     0x4  startup_stm32f407xx.o [1]
  .text              ro code  0x08001a78     0x4  startup_stm32f407xx.o [1]
  .text              ro code  0x08001a7c     0x4  startup_stm32f407xx.o [1]
  .text              ro code  0x08001a80     0x4  startup_stm32f407xx.o [1]
  .text              ro code  0x08001a84     0x4  startup_stm32f407xx.o [1]
  .text              ro code  0x08001a88     0x4  startup_stm32f407xx.o [1]
  .text              ro code  0x08001a8c     0x4  startup_stm32f407xx.o [1]
  .text              ro code  0x08001a90     0x4  startup_stm32f407xx.o [1]
  .text              ro code  0x08001a94     0x4  startup_stm32f407xx.o [1]
  .text              ro code  0x08001a98     0x4  startup_stm32f407xx.o [1]
  .text              ro code  0x08001a9c     0x4  startup_stm32f407xx.o [1]
  .text              ro code  0x08001aa0     0x4  startup_stm32f407xx.o [1]
  .text              ro code  0x08001aa4     0x4  startup_stm32f407xx.o [1]
  .text              ro code  0x08001aa8     0x4  startup_stm32f407xx.o [1]
  .text              ro code  0x08001aac     0x4  startup_stm32f407xx.o [1]
  .text              ro code  0x08001ab0     0x4  startup_stm32f407xx.o [1]
  .text              ro code  0x08001ab4     0x4  startup_stm32f407xx.o [1]
  .text              ro code  0x08001ab8     0x4  startup_stm32f407xx.o [1]
  .text              ro code  0x08001abc     0x4  startup_stm32f407xx.o [1]
  .text              ro code  0x08001ac0     0x4  startup_stm32f407xx.o [1]
  .text              ro code  0x08001ac4     0x4  startup_stm32f407xx.o [1]
  .text              ro code  0x08001ac8     0x4  startup_stm32f407xx.o [1]
  .text              ro code  0x08001acc     0x4  startup_stm32f407xx.o [1]
  .text              ro code  0x08001ad0     0x4  startup_stm32f407xx.o [1]
  .text              ro code  0x08001ad4     0x4  startup_stm32f407xx.o [1]
  .text              ro code  0x08001ad8     0x4  startup_stm32f407xx.o [1]
  .text              ro code  0x08001adc     0x4  startup_stm32f407xx.o [1]
  .text              ro code  0x08001ae0     0x4  startup_stm32f407xx.o [1]
  .text              ro code  0x08001ae4     0x4  startup_stm32f407xx.o [1]
  .text              ro code  0x08001ae8     0x4  startup_stm32f407xx.o [1]
  .text              ro code  0x08001aec     0x4  startup_stm32f407xx.o [1]
  .text              ro code  0x08001af0     0x4  startup_stm32f407xx.o [1]
  .text              ro code  0x08001af4     0x4  startup_stm32f407xx.o [1]
  .rodata            const    0x08001af8     0x0  packbits_init_single.o [5]
  Initializer bytes  const    0x08001af8     0xb  <for P2-1>
                            - 0x08001b03  0x197b

"P2", part 1 of 2:                          0x55
  P2-1                        0x20000000    0x55  <Init block>
    .data            inited   0x20000000     0x4  stm32f4xx_hal.o [1]
    .data            inited   0x20000004     0x4  system_stm32f4xx.o [1]
    .bss             inited   0x20000008     0x4  stm32f4xx_hal.o [1]
    .bss             inited   0x2000000c     0x4  sysclk.o [1]
    .bss             inited   0x20000010    0x44  usart.o [1]
    .data            inited   0x20000054     0x1  stm32f4xx_hal.o [1]
                            - 0x20000055    0x55

"P2", part 2 of 2:                         0x400
  CSTACK                      0x20000058   0x400  <Block>
    CSTACK           uninit   0x20000058   0x400  <Block tail>
                            - 0x20000458   0x400


*******************************************************************************
*** INIT TABLE
***

          Address     Size
          -------     ----
Copy/packbits (__iar_packbits_init_single3)
    1 source range, total size 0xb (12% of destination):
          0x08001af8   0xb
    1 destination range, total size 0x55:
          0x20000000  0x55



*******************************************************************************
*** MODULE SUMMARY
***

    Module                  ro code  ro data  rw data
    ------                  -------  -------  -------
D:\GitHub_FreeRtos_Stm32\FreeRtos_stm32_demo\Project\OS2\Obj: [1]
    gpio.o                      176
    main.o                       72
    startup_stm32f407xx.o       728
    stm32f4xx_hal.o             188        1        9
    stm32f4xx_hal_cortex.o      332
    stm32f4xx_hal_dma.o         194
    stm32f4xx_hal_gpio.o        568
    stm32f4xx_hal_msp.o          72
    stm32f4xx_hal_rcc.o       1 592
    stm32f4xx_hal_uart.o      1 512
    stm32f4xx_it.o               40
    sysclk.o                    312        1        4
    system_stm32f4xx.o           20       25        4
    usart.o                     216        8       68
    -------------------------------------------------
    Total:                    6 022       35       85

command line: [2]
    -------------------------------------------------
    Total:

dl7M_tln.a: [3]
    exit.o                        4
    low_level_init.o              4
    -------------------------------------------------
    Total:                        8

m7M_tls.a: [4]
    fpinit_M.o                   34
    -------------------------------------------------
    Total:                       34

rt7M_tl.a: [5]
    ABImemclr4.o                  6
    ABImemset48.o                50
    I64DivMod.o                 558
    I64DivZer.o                   2
    cexit.o                      10
    cmain.o                      30
    cstartup_M.o                 12
    data_init.o                  40
    packbits_init_single.o       56
    -------------------------------------------------
    Total:                      764

shb_l.a: [6]
    exit.o                       20
    -------------------------------------------------
    Total:                       20

    Gaps                         14        2
    Linker created                        16    1 024
-----------------------------------------------------
    Grand Total:              6 862       53    1 109


*******************************************************************************
*** ENTRY LIST
***

Entry                      Address   Size  Type      Object
-----                      -------   ----  ----      ------
.iar.init_table$$Base   0x08001918          --   Gb  - Linker created -
.iar.init_table$$Limit  0x08001928          --   Gb  - Linker created -
?main                   0x08001929         Code  Gb  cmain.o [5]
AHBPrescTable           0x08001984   0x10  Data  Gb  system_stm32f4xx.o [1]
APBPrescTable           0x080019b0    0x8  Data  Gb  system_stm32f4xx.o [1]
BusFault_Handler        0x08001893    0x2  Code  Gb  stm32f4xx_it.o [1]
CSTACK$$Base            0x20000058          --   Gb  - Linker created -
CSTACK$$Limit           0x20000458          --   Gb  - Linker created -
DebugMon_Handler        0x08001899    0x2  Code  Gb  stm32f4xx_it.o [1]
Error_Handler           0x08000da5    0x4  Code  Gb  main.o [1]
HAL_DMA_Abort           0x08000841   0x9c  Code  Gb  stm32f4xx_hal_dma.o [1]
HAL_DMA_Abort_IT        0x080008dd   0x26  Code  Gb  stm32f4xx_hal_dma.o [1]
HAL_GPIO_Init           0x08000db1  0x1ec  Code  Gb  stm32f4xx_hal_gpio.o [1]
HAL_GPIO_WritePin       0x08000f9d   0x14  Code  Gb  stm32f4xx_hal_gpio.o [1]
HAL_GetREVID            0x080011cb    0x8  Code  Gb  stm32f4xx_hal.o [1]
HAL_GetTick             0x08001135    0xc  Code  Wk  stm32f4xx_hal.o [1]
HAL_IncTick             0x080018b5   0x18  Code  Wk  stm32f4xx_hal.o [1]
HAL_Init                0x08001191   0x3a  Code  Gb  stm32f4xx_hal.o [1]
HAL_InitTick            0x08001141   0x4c  Code  Wk  stm32f4xx_hal.o [1]
HAL_MspInit             0x080013f9   0x48  Code  Gb  stm32f4xx_hal_msp.o [1]
HAL_NVIC_EnableIRQ      0x080010e1    0xa  Code  Gb  stm32f4xx_hal_cortex.o [1]
HAL_NVIC_SetPriority    0x080010bf   0x22  Code  Gb  stm32f4xx_hal_cortex.o [1]
HAL_NVIC_SetPriorityGrouping
                        0x080010b7    0x8  Code  Gb  stm32f4xx_hal_cortex.o [1]
HAL_RCC_ClockConfig     0x0800090d  0x14c  Code  Gb  stm32f4xx_hal_rcc.o [1]
HAL_RCC_GetHCLKFreq     0x08000a59    0x6  Code  Gb  stm32f4xx_hal_rcc.o [1]
HAL_RCC_GetPCLK1Freq    0x08000a5f   0x16  Code  Gb  stm32f4xx_hal_rcc.o [1]
HAL_RCC_GetPCLK2Freq    0x08000a75   0x16  Code  Gb  stm32f4xx_hal_rcc.o [1]
HAL_RCC_OscConfig       0x08001441  0x414  Code  Wk  stm32f4xx_hal_rcc.o [1]
HAL_SYSTICK_CLKSourceConfig
                        0x080010f3   0x20  Code  Gb  stm32f4xx_hal_cortex.o [1]
HAL_SYSTICK_Config      0x080010eb    0x8  Code  Gb  stm32f4xx_hal_cortex.o [1]
HAL_UART_IRQHandler     0x080001ff  0x21c  Code  Gb  stm32f4xx_hal_uart.o [1]
HAL_UART_Init           0x08000189   0x76  Code  Gb  stm32f4xx_hal_uart.o [1]
HAL_UART_MspInit        0x080007ad   0x80  Code  Gb  usart.o [1]
HardFault_Handler       0x0800188f    0x2  Code  Gb  stm32f4xx_it.o [1]
MX_GPIO_Init            0x08001315   0xb0  Code  Gb  gpio.o [1]
MX_USART1_UART_Init     0x08000769   0x44  Code  Gb  usart.o [1]
MemManage_Handler       0x08001891    0x2  Code  Gb  stm32f4xx_it.o [1]
NMI_Handler             0x0800188d    0x2  Code  Gb  stm32f4xx_it.o [1]
NVIC_EncodePriority     0x0800104b   0x3e  Code  Lc  stm32f4xx_hal_cortex.o [1]
PendSV_Handler          0x0800189b    0x2  Code  Gb  stm32f4xx_it.o [1]
Region$$Table$$Base     0x08001918          --   Gb  - Linker created -
Region$$Table$$Limit    0x08001928          --   Gb  - Linker created -
SVC_Handler             0x08001897    0x2  Code  Gb  stm32f4xx_it.o [1]
SysTick_Config          0x08001089   0x2e  Code  Lc  stm32f4xx_hal_cortex.o [1]
SysTick_Handler         0x0800189d    0x8  Code  Gb  stm32f4xx_it.o [1]
SystemClock_Config      0x080011dd   0xb6  Code  Gb  sysclk.o [1]
SystemCoreClock         0x20000004    0x4  Data  Gb  system_stm32f4xx.o [1]
SystemInit              0x08001971    0xe  Code  Gb  system_stm32f4xx.o [1]
UART_DMAAbortOnError    0x08000451   0x12  Code  Lc  stm32f4xx_hal_uart.o [1]
UART_EndRxTransfer      0x0800041b   0x36  Code  Lc  stm32f4xx_hal_uart.o [1]
UART_EndTransmit_IT     0x080004c7   0x1c  Code  Lc  stm32f4xx_hal_uart.o [1]
UART_Receive_IT         0x080004e3   0xc8  Code  Lc  stm32f4xx_hal_uart.o [1]
UART_SetConfig          0x080005ab  0x1b0  Code  Lc  stm32f4xx_hal_uart.o [1]
UART_Transmit_IT        0x08000465   0x62  Code  Lc  stm32f4xx_hal_uart.o [1]
USART1_IRQHandler       0x080018a5    0xa  Code  Gb  stm32f4xx_it.o [1]
UsageFault_Handler      0x08001895    0x2  Code  Gb  stm32f4xx_it.o [1]
__NVIC_EnableIRQ        0x0800100f   0x1a  Code  Lc  stm32f4xx_hal_cortex.o [1]
__NVIC_GetPriorityGrouping
                        0x08001005    0xa  Code  Lc  stm32f4xx_hal_cortex.o [1]
__NVIC_SetPriority      0x08001029   0x22  Code  Lc  stm32f4xx_hal_cortex.o [1]
__NVIC_SetPriorityGrouping
                        0x08000fe9   0x1c  Code  Lc  stm32f4xx_hal_cortex.o [1]
__aeabi_ldiv0           0x0800118d         Code  Gb  I64DivZer.o [5]
__aeabi_memclr4         0x08000da9         Code  Gb  ABImemclr4.o [5]
__aeabi_uldivmod        0x08000b31         Code  Gb  I64DivMod.o [5]
__cmain                 0x08001929         Code  Gb  cmain.o [5]
__exit                  0x0800195d   0x14  Code  Gb  exit.o [6]
__iar_Memset4_word      0x080013c5         Code  Gb  ABImemset48.o [5]
__iar_Memset8_word      0x080013c5         Code  Gb  ABImemset48.o [5]
__iar_data_init3        0x080018cd   0x28  Code  Gb  data_init.o [5]
__iar_init_vfp          0x080018f5         Code  Gb  fpinit_M.o [4]
__iar_packbits_init_single3
                        0x08001855   0x38  Code  Gb  packbits_init_single.o [5]
__iar_program_start     0x080019a5         Code  Gb  cstartup_M.o [5]
__iar_systems$$module {Abs}
                        0x00000001         Data  Gb  command line/config [2]
__low_level_init        0x08001947    0x4  Code  Gb  low_level_init.o [3]
__vector_table          0x08000000         Data  Gb  startup_stm32f407xx.o [1]
_call_main              0x08001935         Code  Gb  cmain.o [5]
_exit                   0x08001951         Code  Gb  cexit.o [5]
_main                   0x08001943         Code  Gb  cmain.o [5]
delay_init              0x08001293   0x10  Code  Gb  sysclk.o [1]
delay_ms                0x080012fd   0x18  Code  Gb  sysclk.o [1]
delay_us                0x080012a3   0x3c  Code  Gb  sysclk.o [1]
exit                    0x0800194b    0x4  Code  Gb  exit.o [3]
fac_us                  0x2000000c    0x4  Data  Lc  sysclk.o [1]
huart1                  0x20000010   0x44  Data  Gb  usart.o [1]
main                    0x08000d61   0x40  Code  Gb  main.o [1]
uwTick                  0x20000008    0x4  Data  Gb  stm32f4xx_hal.o [1]
uwTickFreq              0x20000054    0x1  Data  Gb  stm32f4xx_hal.o [1]
uwTickPrio              0x20000000    0x4  Data  Gb  stm32f4xx_hal.o [1]


[1] = D:\GitHub_FreeRtos_Stm32\FreeRtos_stm32_demo\Project\OS2\Obj
[2] = command line
[3] = dl7M_tln.a
[4] = m7M_tls.a
[5] = rt7M_tl.a
[6] = shb_l.a

  6 862 bytes of readonly  code memory
     53 bytes of readonly  data memory
  1 109 bytes of readwrite data memory

Errors: none
Warnings: none
